#-----------------------------------------------------------
# Vivado v2025.1 (64-bit)
# SW Build 6140274 on Thu May 22 00:12:29 MDT 2025
# IP Build 6138677 on Thu May 22 03:10:11 MDT 2025
# SharedData Build 6139179 on Tue May 20 17:58:58 MDT 2025
# Start of session at: Sun Nov  2 16:11:32 2025
# Process ID         : 16296
# Current directory  : C:/Users/LENOVO/Documents/Vivado/lab_1/lab_1.runs/synth_1
# Command line       : vivado.exe -log miniALU_top.vds -product Vivado -mode batch -messageDb vivado.pb -notrace -source miniALU_top.tcl
# Log file           : C:/Users/LENOVO/Documents/Vivado/lab_1/lab_1.runs/synth_1/miniALU_top.vds
# Journal file       : C:/Users/LENOVO/Documents/Vivado/lab_1/lab_1.runs/synth_1\vivado.jou
# Running On         : LAPTOP-JAYCEE
# Platform           : Windows Server 2016 or Windows 10
# Operating System   : 26200
# Processor Detail   : Intel(R) Core(TM) i5-8365U CPU @ 1.60GHz
# CPU Frequency      : 1896 MHz
# CPU Physical cores : 4
# CPU Logical cores  : 8
# Host memory        : 16915 MB
# Swap memory        : 1073 MB
# Total Virtual      : 17989 MB
# Available Virtual  : 3785 MB
#-----------------------------------------------------------
source miniALU_top.tcl -notrace
